// Jest Snapshot v1, https://goo.gl/fbAQLP

exports[`Should PromoFilm render correctly 1`] = `
<div
  className="movie-card__wrap"
>
  <div
    className="movie-card__info"
  >
    <div
      className="movie-card__poster"
    >
      <img
        alt="Harry Potter and the Goblet of Fire"
        height="327"
        src="https://unsplash.it/280/175/"
        width="218"
      />
    </div>
    <div
      className="movie-card__desc"
    >
      <h2
        className="movie-card__title"
      >
        Harry Potter and the Goblet of Fire
      </h2>
      <p
        className="movie-card__meta"
      >
        <span
          className="movie-card__genre"
        >
          drama
        </span>
        <span
          className="movie-card__year"
        >
          2067
        </span>
      </p>
      <div
        className="movie-card__buttons"
      >
        <a
          className="btn btn--play movie-card__button"
          href="/dev-player"
          onClick={[Function]}
        >
          <svg
            height="19"
            viewBox="0 0 19 19"
            width="19"
          >
            <use
              xlinkHref="#play-s"
            />
          </svg>
          <span>
            Play
          </span>
        </a>
        <button
          className="btn btn--list movie-card__button"
          type="button"
        >
          <svg
            height="20"
            viewBox="0 0 19 20"
            width="19"
          >
            <use
              xlinkHref="#add"
            />
          </svg>
          <span>
            My list
          </span>
        </button>
      </div>
    </div>
  </div>
</div>
`;
