// Jest Snapshot v1, https://goo.gl/fbAQLP

exports[`Should FilmCard render correctly 1`] = `
<article
  className="small-movie-card catalog__movies-card"
  onMouseEnter={[Function]}
  onMouseLeave={[Function]}
>
  <div
    className="small-movie-card__image"
  />
  <h3
    className="small-movie-card__title"
  >
    <a
      className="small-movie-card__link"
      href="/dev-film"
      onClick={[Function]}
    >
      Harry Potter and the Goblet of Fire
    </a>
  </h3>
</article>
`;
