// Jest Snapshot v1, https://goo.gl/fbAQLP

exports[`Should ShowMore render correctly 1`] = `null`;
